59238630395127046190904618305676635917819901244316192436240415410695585623802358896548644639392677910428419743969329795719150773831083549655955140763989027054783735628025690840240139834084072390780967158336148884990832759991276214586076506537140212839394832691184873257307184861474354158423906958629096636325554600124919183585362395976143152592617839439772833792572301859367869964387377549969614952486878888317381588623766055039929959008462923597163276984621298265722406098104373071638396704263138104267155936527513356330940983288527356249903416803473408010497797027141094040890790170512693749841643009660266107928072696925435361659608278955559625051140201954262001547023943846756181410924784858380463762811008266614269191630795832025831671817451878141438635788270222016530300097929722300896452685015626835267565855527113491979854957124499903341467871816537774923413656924680924773281546254790156221416980967698450894621683499117737218652
